Component: ARM Compiler 5.06 update 6 (build 750) Tool: armlink [4d35ed]

==============================================================================

Section Cross References

    c_functions.o(i.hypotenuse) refers to dflt_clz.o(x$fpl$dflt) for __aeabi_i2d
    c_functions.o(i.hypotenuse) refers to hypot.o(i.hypot) for hypot
    c_functions.o(i.hypotenuse) refers to dfix.o(x$fpl$dfix) for __aeabi_d2iz
    arm_nn_activations_q15.o(i.arm_nn_activations_direct_q15) refers to arm_nntables.o(.constdata) for sigmoidTable_q15
    arm_nn_activations_q7.o(i.arm_nn_activations_direct_q7) refers to arm_nntables.o(.constdata) for sigmoidTable_q7
    arm_softmax_q15.o(i.arm_softmax_q15) refers to llsdiv.o(.text) for __aeabi_ldivmod
    gpdma_lpc17xx.o(i.Clear_Channel_active_flag) refers to gpdma_lpc17xx.o(.data) for Channel_active
    gpdma_lpc17xx.o(i.DMA_IRQHandler) refers to gpdma_lpc17xx.o(i.Clear_Channel_active_flag) for Clear_Channel_active_flag
    gpdma_lpc17xx.o(i.DMA_IRQHandler) refers to gpdma_lpc17xx.o(.bss) for Channel_info
    gpdma_lpc17xx.o(i.GPDMA_ChannelConfigure) refers to gpdma_lpc17xx.o(i.Set_Channel_active_flag) for Set_Channel_active_flag
    gpdma_lpc17xx.o(i.GPDMA_ChannelConfigure) refers to gpdma_lpc17xx.o(i.Clear_Channel_active_flag) for Clear_Channel_active_flag
    gpdma_lpc17xx.o(i.GPDMA_ChannelConfigure) refers to gpdma_lpc17xx.o(.bss) for Channel_info
    gpdma_lpc17xx.o(i.GPDMA_ChannelDisable) refers to gpdma_lpc17xx.o(i.Clear_Channel_active_flag) for Clear_Channel_active_flag
    gpdma_lpc17xx.o(i.GPDMA_ChannelEnable) refers to gpdma_lpc17xx.o(i.Set_Channel_active_flag) for Set_Channel_active_flag
    gpdma_lpc17xx.o(i.GPDMA_ChannelGetCount) refers to gpdma_lpc17xx.o(.bss) for Channel_info
    gpdma_lpc17xx.o(i.GPDMA_ChannelGetStatus) refers to gpdma_lpc17xx.o(.data) for Channel_active
    gpdma_lpc17xx.o(i.GPDMA_Initialize) refers to gpdma_lpc17xx.o(i.__NVIC_ClearPendingIRQ) for __NVIC_ClearPendingIRQ
    gpdma_lpc17xx.o(i.GPDMA_Initialize) refers to gpdma_lpc17xx.o(.data) for Init_cnt
    gpdma_lpc17xx.o(i.GPDMA_Initialize) refers to gpdma_lpc17xx.o(.bss) for Channel_info
    gpdma_lpc17xx.o(i.GPDMA_Uninitialize) refers to gpdma_lpc17xx.o(i.__NVIC_ClearPendingIRQ) for __NVIC_ClearPendingIRQ
    gpdma_lpc17xx.o(i.GPDMA_Uninitialize) refers to gpdma_lpc17xx.o(.data) for Init_cnt
    gpdma_lpc17xx.o(i.Set_Channel_active_flag) refers to gpdma_lpc17xx.o(.data) for Channel_active
    startup_lpc17xx.o(STACK) refers (Special) to heapauxi.o(.text) for __use_two_region_memory
    startup_lpc17xx.o(HEAP) refers (Special) to heapauxi.o(.text) for __use_two_region_memory
    startup_lpc17xx.o(RESET) refers (Special) to heapauxi.o(.text) for __use_two_region_memory
    startup_lpc17xx.o(RESET) refers to startup_lpc17xx.o(STACK) for __initial_sp
    startup_lpc17xx.o(RESET) refers to startup_lpc17xx.o(.text) for Reset_Handler
    startup_lpc17xx.o(RESET) refers to gpdma_lpc17xx.o(i.DMA_IRQHandler) for DMA_IRQHandler
    startup_lpc17xx.o(.ARM.__at_0x02FC) refers (Special) to heapauxi.o(.text) for __use_two_region_memory
    startup_lpc17xx.o(.text) refers (Special) to heapauxi.o(.text) for __use_two_region_memory
    startup_lpc17xx.o(.text) refers to c_functions.o(i.hypotenuse) for hypotenuse
    startup_lpc17xx.o(.text) refers to startup_lpc17xx.o(HEAP) for Heap_Mem
    startup_lpc17xx.o(.text) refers to startup_lpc17xx.o(STACK) for Stack_Mem
    system_lpc17xx.o(i.SystemCoreClockUpdate) refers to lludivv7m.o(.text) for __aeabi_uldivmod
    system_lpc17xx.o(i.SystemCoreClockUpdate) refers to system_lpc17xx.o(.data) for SystemCoreClock
    llsdiv.o(.text) refers to lludivv7m.o(.text) for __aeabi_uldivmod
    dfix.o(x$fpl$dfix) refers (Special) to usenofp.o(x$fpl$usenofp) for __I$use$fp
    dfix.o(x$fpl$dfix) refers to dnaninf.o(x$fpl$dnaninf) for __fpl_dnaninf
    dfix.o(x$fpl$dfixr) refers (Special) to usenofp.o(x$fpl$usenofp) for __I$use$fp
    dfix.o(x$fpl$dfixr) refers to dnaninf.o(x$fpl$dnaninf) for __fpl_dnaninf
    dflt_clz.o(x$fpl$dfltu) refers (Special) to usenofp.o(x$fpl$usenofp) for __I$use$fp
    dflt_clz.o(x$fpl$dflt) refers (Special) to usenofp.o(x$fpl$usenofp) for __I$use$fp
    dflt_clz.o(x$fpl$dfltn) refers (Special) to usenofp.o(x$fpl$usenofp) for __I$use$fp
    hypot.o(i.__softfp_hypot) refers (Special) to usenofp.o(x$fpl$usenofp) for __I$use$fp
    hypot.o(i.__softfp_hypot) refers to hypot.o(i.hypot) for hypot
    hypot.o(i.hypot) refers (Special) to usenofp.o(x$fpl$usenofp) for __I$use$fp
    hypot.o(i.hypot) refers to daddsub_clz.o(x$fpl$dadd) for __aeabi_dadd
    hypot.o(i.hypot) refers to dunder.o(i.__mathlib_dbl_infnan2) for __mathlib_dbl_infnan2
    hypot.o(i.hypot) refers to dmul.o(x$fpl$dmul) for __aeabi_dmul
    hypot.o(i.hypot) refers to daddsub_clz.o(x$fpl$dsub) for __aeabi_dsub
    hypot.o(i.hypot) refers to drleqf.o(x$fpl$drleqf) for __aeabi_cdrcmple
    hypot.o(i.hypot) refers to sqrt.o(i.sqrt) for sqrt
    hypot.o(i.hypot) refers to scalbn.o(x$fpl$scalbn) for __ARM_scalbn
    hypot.o(i.hypot) refers to _rserrno.o(.text) for __set_errno
    hypot.o(i.hypot) refers to dunder.o(i.__mathlib_dbl_overflow) for __mathlib_dbl_overflow
    hypot.o(i.hypot) refers to fpclassify.o(i.__ARM_fpclassify) for __ARM_fpclassify
    hypot.o(i.hypot) refers to dunder.o(i.__mathlib_dbl_underflow) for __mathlib_dbl_underflow
    hypot_x.o(i.____softfp_hypot$lsc) refers (Special) to usenofp.o(x$fpl$usenofp) for __I$use$fp
    hypot_x.o(i.____softfp_hypot$lsc) refers to hypot_x.o(i.__hypot$lsc) for __hypot$lsc
    hypot_x.o(i.__hypot$lsc) refers (Special) to usenofp.o(x$fpl$usenofp) for __I$use$fp
    hypot_x.o(i.__hypot$lsc) refers to daddsub_clz.o(x$fpl$dadd) for __aeabi_dadd
    hypot_x.o(i.__hypot$lsc) refers to dunder.o(i.__mathlib_dbl_infnan2) for __mathlib_dbl_infnan2
    hypot_x.o(i.__hypot$lsc) refers to dmul.o(x$fpl$dmul) for __aeabi_dmul
    hypot_x.o(i.__hypot$lsc) refers to daddsub_clz.o(x$fpl$dsub) for __aeabi_dsub
    hypot_x.o(i.__hypot$lsc) refers to drleqf.o(x$fpl$drleqf) for __aeabi_cdrcmple
    hypot_x.o(i.__hypot$lsc) refers to sqrt.o(i.sqrt) for sqrt
    hypot_x.o(i.__hypot$lsc) refers to scalbn.o(x$fpl$scalbn) for __ARM_scalbn
    hypot_x.o(i.__hypot$lsc) refers to _rserrno.o(.text) for __set_errno
    aeabi_ldiv0_sigfpe.o(.text) refers to rt_div0.o(.text) for __rt_div0
    _rserrno.o(.text) refers to rt_errno_addr.o(.text) for __aeabi_errno_addr
    daddsub_clz.o(x$fpl$dadd) refers (Special) to usenofp.o(x$fpl$usenofp) for __I$use$fp
    daddsub_clz.o(x$fpl$dadd) refers to daddsub_clz.o(x$fpl$dsub) for _dsub1
    daddsub_clz.o(x$fpl$dadd) refers to dretinf.o(x$fpl$dretinf) for __fpl_dretinf
    daddsub_clz.o(x$fpl$dadd) refers to dnaninf.o(x$fpl$dnaninf) for __fpl_dnaninf
    daddsub_clz.o(x$fpl$drsb) refers (Special) to usenofp.o(x$fpl$usenofp) for __I$use$fp
    daddsub_clz.o(x$fpl$drsb) refers to daddsub_clz.o(x$fpl$dadd) for _dadd1
    daddsub_clz.o(x$fpl$drsb) refers to daddsub_clz.o(x$fpl$dsub) for _dsub1
    daddsub_clz.o(x$fpl$dsub) refers (Special) to usenofp.o(x$fpl$usenofp) for __I$use$fp
    daddsub_clz.o(x$fpl$dsub) refers to daddsub_clz.o(x$fpl$dadd) for _dadd1
    daddsub_clz.o(x$fpl$dsub) refers to dnaninf.o(x$fpl$dnaninf) for __fpl_dnaninf
    dmul.o(x$fpl$dmul) refers (Special) to usenofp.o(x$fpl$usenofp) for __I$use$fp
    dmul.o(x$fpl$dmul) refers to dretinf.o(x$fpl$dretinf) for __fpl_dretinf
    dmul.o(x$fpl$dmul) refers to dnaninf.o(x$fpl$dnaninf) for __fpl_dnaninf
    dnaninf.o(x$fpl$dnaninf) refers (Special) to usenofp.o(x$fpl$usenofp) for __I$use$fp
    drleqf.o(x$fpl$drleqf) refers (Special) to usenofp.o(x$fpl$usenofp) for __I$use$fp
    drleqf.o(x$fpl$drleqf) refers to dleqf.o(x$fpl$dleqf) for __fpl_dcmple_InfNaN
    scalbn.o(x$fpl$scalbn) refers (Special) to usenofp.o(x$fpl$usenofp) for __I$use$fp
    scalbn.o(x$fpl$scalbn) refers to dcheck1.o(x$fpl$dcheck1) for __fpl_dcheck_NaN1
    dunder.o(i.__mathlib_dbl_divzero) refers to ddiv.o(x$fpl$ddiv) for __aeabi_ddiv
    dunder.o(i.__mathlib_dbl_infnan) refers to scalbn.o(x$fpl$scalbn) for __ARM_scalbn
    dunder.o(i.__mathlib_dbl_infnan2) refers to daddsub_clz.o(x$fpl$dadd) for __aeabi_dadd
    dunder.o(i.__mathlib_dbl_invalid) refers to ddiv.o(x$fpl$ddiv) for __aeabi_ddiv
    dunder.o(i.__mathlib_dbl_overflow) refers to scalbn.o(x$fpl$scalbn) for __ARM_scalbn
    dunder.o(i.__mathlib_dbl_posinfnan) refers to dmul.o(x$fpl$dmul) for __aeabi_dmul
    dunder.o(i.__mathlib_dbl_underflow) refers to scalbn.o(x$fpl$scalbn) for __ARM_scalbn
    fpclassify.o(i.__ARM_fpclassify) refers (Special) to usenofp.o(x$fpl$usenofp) for __I$use$fp
    sqrt.o(i.__softfp_sqrt) refers (Special) to usenofp.o(x$fpl$usenofp) for __I$use$fp
    sqrt.o(i.__softfp_sqrt) refers to dsqrt_noumaal.o(x$fpl$dsqrt) for _dsqrt
    sqrt.o(i.__softfp_sqrt) refers to _rserrno.o(.text) for __set_errno
    sqrt.o(i.sqrt) refers (Special) to usenofp.o(x$fpl$usenofp) for __I$use$fp
    sqrt.o(i.sqrt) refers to dsqrt_noumaal.o(x$fpl$dsqrt) for _dsqrt
    sqrt.o(i.sqrt) refers to _rserrno.o(.text) for __set_errno
    sqrt_x.o(i.____softfp_sqrt$lsc) refers (Special) to usenofp.o(x$fpl$usenofp) for __I$use$fp
    sqrt_x.o(i.____softfp_sqrt$lsc) refers to dleqf.o(x$fpl$dleqf) for __aeabi_cdcmple
    sqrt_x.o(i.____softfp_sqrt$lsc) refers to _rserrno.o(.text) for __set_errno
    sqrt_x.o(i.____softfp_sqrt$lsc) refers to dsqrt_noumaal.o(x$fpl$dsqrt) for _dsqrt
    sqrt_x.o(i.__sqrt$lsc) refers (Special) to usenofp.o(x$fpl$usenofp) for __I$use$fp
    sqrt_x.o(i.__sqrt$lsc) refers to dleqf.o(x$fpl$dleqf) for __aeabi_cdcmple
    sqrt_x.o(i.__sqrt$lsc) refers to _rserrno.o(.text) for __set_errno
    sqrt_x.o(i.__sqrt$lsc) refers to dsqrt_noumaal.o(x$fpl$dsqrt) for _dsqrt
    rt_div0.o(.text) refers to defsig_fpe_outer.o(.text) for __rt_SIGFPE
    rt_errno_addr.o(.text) refers to rt_errno_addr.o(.bss) for __aeabi_errno_addr_data
    rt_errno_addr_intlibspace.o(.text) refers to libspace.o(.bss) for __libspace_start
    dcheck1.o(x$fpl$dcheck1) refers (Special) to usenofp.o(x$fpl$usenofp) for __I$use$fp
    dcheck1.o(x$fpl$dcheck1) refers to retnan.o(x$fpl$retnan) for __fpl_return_NaN
    ddiv.o(x$fpl$drdiv) refers (Special) to usenofp.o(x$fpl$usenofp) for __I$use$fp
    ddiv.o(x$fpl$drdiv) refers to ddiv.o(x$fpl$ddiv) for ddiv_entry
    ddiv.o(x$fpl$ddiv) refers (Special) to usenofp.o(x$fpl$usenofp) for __I$use$fp
    ddiv.o(x$fpl$ddiv) refers to dretinf.o(x$fpl$dretinf) for __fpl_dretinf
    ddiv.o(x$fpl$ddiv) refers to dnaninf.o(x$fpl$dnaninf) for __fpl_dnaninf
    dleqf.o(x$fpl$dleqf) refers (Special) to usenofp.o(x$fpl$usenofp) for __I$use$fp
    dleqf.o(x$fpl$dleqf) refers to dnaninf.o(x$fpl$dnaninf) for __fpl_dnaninf
    dleqf.o(x$fpl$dleqf) refers to dcmpi.o(x$fpl$dcmpinf) for __fpl_dcmp_Inf
    dretinf.o(x$fpl$dretinf) refers (Special) to usenofp.o(x$fpl$usenofp) for __I$use$fp
    dsqrt_noumaal.o(x$fpl$dsqrt) refers (Special) to usenofp.o(x$fpl$usenofp) for __I$use$fp
    dsqrt_noumaal.o(x$fpl$dsqrt) refers to dnaninf.o(x$fpl$dnaninf) for __fpl_dnaninf
    libspace.o(.text) refers to libspace.o(.bss) for __libspace_start
    defsig_fpe_outer.o(.text) refers to defsig_fpe_inner.o(.text) for __rt_SIGFPE_inner
    defsig_fpe_outer.o(.text) refers to defsig_exit.o(.text) for __sig_exit
    defsig_fpe_formal.o(.text) refers to rt_raise.o(.text) for __rt_raise
    dcmpi.o(x$fpl$dcmpinf) refers (Special) to usenofp.o(x$fpl$usenofp) for __I$use$fp
    retnan.o(x$fpl$retnan) refers (Special) to usenofp.o(x$fpl$usenofp) for __I$use$fp
    retnan.o(x$fpl$retnan) refers to trapv.o(x$fpl$trapveneer) for __fpl_cmpreturn
    rt_raise.o(.text) refers to __raise.o(.text) for __raise
    rt_raise.o(.text) refers to sys_exit.o(.text) for _sys_exit
    defsig_exit.o(.text) refers to sys_exit.o(.text) for _sys_exit
    defsig_fpe_inner.o(.text) refers to defsig_general.o(.text) for __default_signal_display
    trapv.o(x$fpl$trapveneer) refers (Special) to usenofp.o(x$fpl$usenofp) for __I$use$fp
    sys_exit.o(.text) refers (Special) to use_no_semi.o(.text) for __I$use$semihosting
    sys_exit.o(.text) refers (Special) to indicate_semi.o(.text) for __semihosting_library_function
    __raise.o(.text) refers to defsig.o(CL$$defsig) for __default_signal_handler
    defsig_general.o(.text) refers to sys_wrch.o(.text) for _ttywrch
    sys_wrch.o(.text) refers (Special) to use_no_semi.o(.text) for __I$use$semihosting
    sys_wrch.o(.text) refers (Special) to indicate_semi.o(.text) for __semihosting_library_function
    defsig.o(CL$$defsig) refers to defsig_fpe_inner.o(.text) for __rt_SIGFPE_inner
    defsig_abrt_inner.o(.text) refers to defsig_general.o(.text) for __default_signal_display
    defsig_rtred_inner.o(.text) refers to defsig_general.o(.text) for __default_signal_display
    defsig_rtmem_inner.o(.text) refers to defsig_general.o(.text) for __default_signal_display
    defsig_stak_inner.o(.text) refers to defsig_general.o(.text) for __default_signal_display
    defsig_pvfn_inner.o(.text) refers to defsig_general.o(.text) for __default_signal_display
    defsig_cppl_inner.o(.text) refers to defsig_general.o(.text) for __default_signal_display
    defsig_segv_inner.o(.text) refers to defsig_general.o(.text) for __default_signal_display
    defsig_other.o(.text) refers to defsig_general.o(.text) for __default_signal_display


==============================================================================

Removing Unused input sections from the image.

    Removing arm_nn_activations_q15.o(.rev16_text), (4 bytes).
    Removing arm_nn_activations_q15.o(.revsh_text), (4 bytes).
    Removing arm_nn_activations_q15.o(.rrx_text), (6 bytes).
    Removing arm_nn_activations_q15.o(i.arm_nn_activations_direct_q15), (180 bytes).
    Removing arm_nn_activations_q7.o(.rev16_text), (4 bytes).
    Removing arm_nn_activations_q7.o(.revsh_text), (4 bytes).
    Removing arm_nn_activations_q7.o(.rrx_text), (6 bytes).
    Removing arm_nn_activations_q7.o(i.arm_nn_activations_direct_q7), (88 bytes).
    Removing arm_relu_q15.o(.rev16_text), (4 bytes).
    Removing arm_relu_q15.o(.revsh_text), (4 bytes).
    Removing arm_relu_q15.o(.rrx_text), (6 bytes).
    Removing arm_relu_q15.o(i.arm_relu_q15), (30 bytes).
    Removing arm_relu_q7.o(.rev16_text), (4 bytes).
    Removing arm_relu_q7.o(.revsh_text), (4 bytes).
    Removing arm_relu_q7.o(.rrx_text), (6 bytes).
    Removing arm_relu_q7.o(i.arm_relu_q7), (26 bytes).
    Removing arm_convolve_1x1_hwc_q7_fast_nonsquare.o(.rev16_text), (4 bytes).
    Removing arm_convolve_1x1_hwc_q7_fast_nonsquare.o(.revsh_text), (4 bytes).
    Removing arm_convolve_1x1_hwc_q7_fast_nonsquare.o(.rrx_text), (6 bytes).
    Removing arm_convolve_1x1_hwc_q7_fast_nonsquare.o(i.arm_convolve_1x1_HWC_q7_fast_nonsquare), (358 bytes).
    Removing arm_convolve_hwc_q15_basic.o(.rev16_text), (4 bytes).
    Removing arm_convolve_hwc_q15_basic.o(.revsh_text), (4 bytes).
    Removing arm_convolve_hwc_q15_basic.o(.rrx_text), (6 bytes).
    Removing arm_convolve_hwc_q15_basic.o(i.arm_convolve_HWC_q15_basic), (276 bytes).
    Removing arm_convolve_hwc_q15_fast.o(.rev16_text), (4 bytes).
    Removing arm_convolve_hwc_q15_fast.o(.revsh_text), (4 bytes).
    Removing arm_convolve_hwc_q15_fast.o(.rrx_text), (6 bytes).
    Removing arm_convolve_hwc_q15_fast.o(i.arm_convolve_HWC_q15_fast), (320 bytes).
    Removing arm_convolve_hwc_q7_rgb.o(.rev16_text), (4 bytes).
    Removing arm_convolve_hwc_q7_rgb.o(.revsh_text), (4 bytes).
    Removing arm_convolve_hwc_q7_rgb.o(.rrx_text), (6 bytes).
    Removing arm_convolve_hwc_q7_rgb.o(i.arm_convolve_HWC_q7_RGB), (284 bytes).
    Removing arm_convolve_hwc_q7_basic.o(.rev16_text), (4 bytes).
    Removing arm_convolve_hwc_q7_basic.o(.revsh_text), (4 bytes).
    Removing arm_convolve_hwc_q7_basic.o(.rrx_text), (6 bytes).
    Removing arm_convolve_hwc_q7_basic.o(i.arm_convolve_HWC_q7_basic), (274 bytes).
    Removing arm_convolve_hwc_q7_basic_nonsquare.o(.rev16_text), (4 bytes).
    Removing arm_convolve_hwc_q7_basic_nonsquare.o(.revsh_text), (4 bytes).
    Removing arm_convolve_hwc_q7_basic_nonsquare.o(.rrx_text), (6 bytes).
    Removing arm_convolve_hwc_q7_basic_nonsquare.o(i.arm_convolve_HWC_q7_basic_nonsquare), (276 bytes).
    Removing arm_convolve_hwc_q7_fast.o(.rev16_text), (4 bytes).
    Removing arm_convolve_hwc_q7_fast.o(.revsh_text), (4 bytes).
    Removing arm_convolve_hwc_q7_fast.o(.rrx_text), (6 bytes).
    Removing arm_convolve_hwc_q7_fast.o(i.arm_convolve_HWC_q7_fast), (320 bytes).
    Removing arm_convolve_hwc_q7_fast_nonsquare.o(.rev16_text), (4 bytes).
    Removing arm_convolve_hwc_q7_fast_nonsquare.o(.revsh_text), (4 bytes).
    Removing arm_convolve_hwc_q7_fast_nonsquare.o(.rrx_text), (6 bytes).
    Removing arm_convolve_hwc_q7_fast_nonsquare.o(i.arm_convolve_HWC_q7_fast_nonsquare), (308 bytes).
    Removing arm_depthwise_conv_u8_basic_ver1.o(.rev16_text), (4 bytes).
    Removing arm_depthwise_conv_u8_basic_ver1.o(.revsh_text), (4 bytes).
    Removing arm_depthwise_conv_u8_basic_ver1.o(.rrx_text), (6 bytes).
    Removing arm_depthwise_conv_u8_basic_ver1.o(i.arm_depthwise_conv_u8_basic_ver1), (26 bytes).
    Removing arm_depthwise_separable_conv_hwc_q7.o(.rev16_text), (4 bytes).
    Removing arm_depthwise_separable_conv_hwc_q7.o(.revsh_text), (4 bytes).
    Removing arm_depthwise_separable_conv_hwc_q7.o(.rrx_text), (6 bytes).
    Removing arm_depthwise_separable_conv_hwc_q7.o(i.arm_depthwise_separable_conv_HWC_q7), (240 bytes).
    Removing arm_depthwise_separable_conv_hwc_q7_nonsquare.o(.rev16_text), (4 bytes).
    Removing arm_depthwise_separable_conv_hwc_q7_nonsquare.o(.revsh_text), (4 bytes).
    Removing arm_depthwise_separable_conv_hwc_q7_nonsquare.o(.rrx_text), (6 bytes).
    Removing arm_depthwise_separable_conv_hwc_q7_nonsquare.o(i.arm_depthwise_separable_conv_HWC_q7_nonsquare), (232 bytes).
    Removing arm_nn_mat_mult_kernel_q7_q15.o(.rev16_text), (4 bytes).
    Removing arm_nn_mat_mult_kernel_q7_q15.o(.revsh_text), (4 bytes).
    Removing arm_nn_mat_mult_kernel_q7_q15.o(.rrx_text), (6 bytes).
    Removing arm_nn_mat_mult_kernel_q7_q15.o(i.arm_nn_mat_mult_kernel_q7_q15), (12 bytes).
    Removing arm_nn_mat_mult_kernel_q7_q15_reordered.o(.rev16_text), (4 bytes).
    Removing arm_nn_mat_mult_kernel_q7_q15_reordered.o(.revsh_text), (4 bytes).
    Removing arm_nn_mat_mult_kernel_q7_q15_reordered.o(.rrx_text), (6 bytes).
    Removing arm_nn_mat_mult_kernel_q7_q15_reordered.o(i.arm_nn_mat_mult_kernel_q7_q15_reordered), (12 bytes).
    Removing arm_fully_connected_mat_q7_vec_q15.o(.rev16_text), (4 bytes).
    Removing arm_fully_connected_mat_q7_vec_q15.o(.revsh_text), (4 bytes).
    Removing arm_fully_connected_mat_q7_vec_q15.o(.rrx_text), (6 bytes).
    Removing arm_fully_connected_mat_q7_vec_q15.o(i.arm_fully_connected_mat_q7_vec_q15), (96 bytes).
    Removing arm_fully_connected_mat_q7_vec_q15_opt.o(.rev16_text), (4 bytes).
    Removing arm_fully_connected_mat_q7_vec_q15_opt.o(.revsh_text), (4 bytes).
    Removing arm_fully_connected_mat_q7_vec_q15_opt.o(.rrx_text), (6 bytes).
    Removing arm_fully_connected_mat_q7_vec_q15_opt.o(i.arm_fully_connected_mat_q7_vec_q15_opt), (556 bytes).
    Removing arm_fully_connected_q15.o(.rev16_text), (4 bytes).
    Removing arm_fully_connected_q15.o(.revsh_text), (4 bytes).
    Removing arm_fully_connected_q15.o(.rrx_text), (6 bytes).
    Removing arm_fully_connected_q15.o(i.arm_fully_connected_q15), (96 bytes).
    Removing arm_fully_connected_q15_opt.o(.rev16_text), (4 bytes).
    Removing arm_fully_connected_q15_opt.o(.revsh_text), (4 bytes).
    Removing arm_fully_connected_q15_opt.o(.rrx_text), (6 bytes).
    Removing arm_fully_connected_q15_opt.o(i.arm_fully_connected_q15_opt), (522 bytes).
    Removing arm_fully_connected_q7.o(.rev16_text), (4 bytes).
    Removing arm_fully_connected_q7.o(.revsh_text), (4 bytes).
    Removing arm_fully_connected_q7.o(.rrx_text), (6 bytes).
    Removing arm_fully_connected_q7.o(i.arm_fully_connected_q7), (96 bytes).
    Removing arm_fully_connected_q7_opt.o(.rev16_text), (4 bytes).
    Removing arm_fully_connected_q7_opt.o(.revsh_text), (4 bytes).
    Removing arm_fully_connected_q7_opt.o(.rrx_text), (6 bytes).
    Removing arm_fully_connected_q7_opt.o(i.arm_fully_connected_q7_opt), (680 bytes).
    Removing arm_nn_mult_q15.o(.rev16_text), (4 bytes).
    Removing arm_nn_mult_q15.o(.revsh_text), (4 bytes).
    Removing arm_nn_mult_q15.o(.rrx_text), (6 bytes).
    Removing arm_nn_mult_q15.o(i.arm_nn_mult_q15), (46 bytes).
    Removing arm_nn_mult_q7.o(.rev16_text), (4 bytes).
    Removing arm_nn_mult_q7.o(.revsh_text), (4 bytes).
    Removing arm_nn_mult_q7.o(.rrx_text), (6 bytes).
    Removing arm_nn_mult_q7.o(i.arm_nn_mult_q7), (46 bytes).
    Removing arm_nntables.o(.rev16_text), (4 bytes).
    Removing arm_nntables.o(.revsh_text), (4 bytes).
    Removing arm_nntables.o(.rrx_text), (6 bytes).
    Removing arm_nntables.o(.constdata), (2816 bytes).
    Removing arm_q7_to_q15_no_shift.o(.rev16_text), (4 bytes).
    Removing arm_q7_to_q15_no_shift.o(.revsh_text), (4 bytes).
    Removing arm_q7_to_q15_no_shift.o(.rrx_text), (6 bytes).
    Removing arm_q7_to_q15_no_shift.o(i.arm_q7_to_q15_no_shift), (102 bytes).
    Removing arm_q7_to_q15_reordered_no_shift.o(.rev16_text), (4 bytes).
    Removing arm_q7_to_q15_reordered_no_shift.o(.revsh_text), (4 bytes).
    Removing arm_q7_to_q15_reordered_no_shift.o(.rrx_text), (6 bytes).
    Removing arm_q7_to_q15_reordered_no_shift.o(i.arm_q7_to_q15_reordered_no_shift), (90 bytes).
    Removing arm_pool_q7_hwc.o(.rev16_text), (4 bytes).
    Removing arm_pool_q7_hwc.o(.revsh_text), (4 bytes).
    Removing arm_pool_q7_hwc.o(.rrx_text), (6 bytes).
    Removing arm_pool_q7_hwc.o(i.arm_avepool_q7_HWC), (240 bytes).
    Removing arm_pool_q7_hwc.o(i.arm_maxpool_q7_HWC), (234 bytes).
    Removing arm_softmax_q15.o(.rev16_text), (4 bytes).
    Removing arm_softmax_q15.o(.revsh_text), (4 bytes).
    Removing arm_softmax_q15.o(.rrx_text), (6 bytes).
    Removing arm_softmax_q15.o(i.arm_softmax_q15), (172 bytes).
    Removing arm_softmax_q7.o(.rev16_text), (4 bytes).
    Removing arm_softmax_q7.o(.revsh_text), (4 bytes).
    Removing arm_softmax_q7.o(.rrx_text), (6 bytes).
    Removing arm_softmax_q7.o(i.arm_softmax_q7), (168 bytes).
    Removing gpdma_lpc17xx.o(.rev16_text), (4 bytes).
    Removing gpdma_lpc17xx.o(.revsh_text), (4 bytes).
    Removing gpdma_lpc17xx.o(.rrx_text), (6 bytes).
    Removing gpdma_lpc17xx.o(i.GPDMA_ChannelConfigure), (244 bytes).
    Removing gpdma_lpc17xx.o(i.GPDMA_ChannelDisable), (48 bytes).
    Removing gpdma_lpc17xx.o(i.GPDMA_ChannelEnable), (60 bytes).
    Removing gpdma_lpc17xx.o(i.GPDMA_ChannelGetCount), (48 bytes).
    Removing gpdma_lpc17xx.o(i.GPDMA_ChannelGetStatus), (36 bytes).
    Removing gpdma_lpc17xx.o(i.GPDMA_Initialize), (176 bytes).
    Removing gpdma_lpc17xx.o(i.GPDMA_PeripheralSelect), (68 bytes).
    Removing gpdma_lpc17xx.o(i.GPDMA_Uninitialize), (128 bytes).
    Removing gpdma_lpc17xx.o(i.Set_Channel_active_flag), (56 bytes).
    Removing gpdma_lpc17xx.o(i.__NVIC_ClearPendingIRQ), (28 bytes).
    Removing gpio_lpc17xx.o(.rev16_text), (4 bytes).
    Removing gpio_lpc17xx.o(.revsh_text), (4 bytes).
    Removing gpio_lpc17xx.o(.rrx_text), (6 bytes).
    Removing gpio_lpc17xx.o(i.GPIO_PinRead), (32 bytes).
    Removing gpio_lpc17xx.o(i.GPIO_PinWrite), (40 bytes).
    Removing gpio_lpc17xx.o(i.GPIO_PortClock), (44 bytes).
    Removing gpio_lpc17xx.o(i.GPIO_PortRead), (20 bytes).
    Removing gpio_lpc17xx.o(i.GPIO_PortWrite), (32 bytes).
    Removing gpio_lpc17xx.o(i.GPIO_SetDir), (56 bytes).
    Removing pin_lpc17xx.o(.rev16_text), (4 bytes).
    Removing pin_lpc17xx.o(.revsh_text), (4 bytes).
    Removing pin_lpc17xx.o(.rrx_text), (6 bytes).
    Removing pin_lpc17xx.o(i.PIN_Configure), (252 bytes).
    Removing pin_lpc17xx.o(i.PIN_ConfigureI2C0Pins), (32 bytes).
    Removing pin_lpc17xx.o(i.PIN_ConfigureTPIU), (40 bytes).
    Removing system_lpc17xx.o(.rev16_text), (4 bytes).
    Removing system_lpc17xx.o(.revsh_text), (4 bytes).
    Removing system_lpc17xx.o(.rrx_text), (6 bytes).
    Removing system_lpc17xx.o(i.SystemCoreClockUpdate), (424 bytes).
    Removing system_lpc17xx.o(i.SystemInit), (320 bytes).
    Removing system_lpc17xx.o(.data), (4 bytes).

159 unused section(s) (total 11900 bytes) removed from the image.

==============================================================================

Image Symbol Table

    Local Symbols

    Symbol Name                              Value     Ov Type        Size  Object(Section)

    RESET                                    0x00000000   Section      204  startup_lpc17xx.o(RESET)
    ../clib/angel/rt.s                       0x00000000   Number         0  rt_div0.o ABSOLUTE
    ../clib/angel/rt.s                       0x00000000   Number         0  rt_errno_addr.o ABSOLUTE
    ../clib/angel/rt.s                       0x00000000   Number         0  aeabi_ldiv0_sigfpe.o ABSOLUTE
    ../clib/angel/rt.s                       0x00000000   Number         0  rt_raise.o ABSOLUTE
    ../clib/angel/rt.s                       0x00000000   Number         0  aeabi_ldiv0.o ABSOLUTE
    ../clib/angel/rt.s                       0x00000000   Number         0  rt_errno_addr_intlibspace.o ABSOLUTE
    ../clib/angel/sys.s                      0x00000000   Number         0  libspace.o ABSOLUTE
    ../clib/angel/sys.s                      0x00000000   Number         0  indicate_semi.o ABSOLUTE
    ../clib/angel/sys.s                      0x00000000   Number         0  use_no_semi.o ABSOLUTE
    ../clib/angel/sysapp.c                   0x00000000   Number         0  sys_wrch.o ABSOLUTE
    ../clib/angel/sysapp.c                   0x00000000   Number         0  sys_exit.o ABSOLUTE
    ../clib/fenv.c                           0x00000000   Number         0  _rserrno.o ABSOLUTE
    ../clib/heapaux.c                        0x00000000   Number         0  heapauxi.o ABSOLUTE
    ../clib/longlong.s                       0x00000000   Number         0  llsdiv.o ABSOLUTE
    ../clib/longlong.s                       0x00000000   Number         0  lludivv7m.o ABSOLUTE
    ../clib/signal.c                         0x00000000   Number         0  defsig_abrt_inner.o ABSOLUTE
    ../clib/signal.c                         0x00000000   Number         0  defsig_general.o ABSOLUTE
    ../clib/signal.c                         0x00000000   Number         0  defsig_other.o ABSOLUTE
    ../clib/signal.c                         0x00000000   Number         0  defsig_exit.o ABSOLUTE
    ../clib/signal.c                         0x00000000   Number         0  defsig_segv_inner.o ABSOLUTE
    ../clib/signal.c                         0x00000000   Number         0  defsig_fpe_formal.o ABSOLUTE
    ../clib/signal.c                         0x00000000   Number         0  defsig_fpe_outer.o ABSOLUTE
    ../clib/signal.c                         0x00000000   Number         0  __raise.o ABSOLUTE
    ../clib/signal.c                         0x00000000   Number         0  defsig_fpe_inner.o ABSOLUTE
    ../clib/signal.c                         0x00000000   Number         0  defsig_rtred_inner.o ABSOLUTE
    ../clib/signal.c                         0x00000000   Number         0  defsig_rtmem_inner.o ABSOLUTE
    ../clib/signal.c                         0x00000000   Number         0  defsig_stak_inner.o ABSOLUTE
    ../clib/signal.c                         0x00000000   Number         0  defsig_pvfn_inner.o ABSOLUTE
    ../clib/signal.c                         0x00000000   Number         0  defsig_cppl_inner.o ABSOLUTE
    ../clib/signal.s                         0x00000000   Number         0  defsig.o ABSOLUTE
    ../fplib/daddsub.s                       0x00000000   Number         0  daddsub_clz.o ABSOLUTE
    ../fplib/dcheck1.s                       0x00000000   Number         0  dcheck1.o ABSOLUTE
    ../fplib/dcmpi.s                         0x00000000   Number         0  dcmpi.o ABSOLUTE
    ../fplib/ddiv.s                          0x00000000   Number         0  ddiv.o ABSOLUTE
    ../fplib/dfix.s                          0x00000000   Number         0  dfix.o ABSOLUTE
    ../fplib/dflt.s                          0x00000000   Number         0  dflt_clz.o ABSOLUTE
    ../fplib/dleqf.s                         0x00000000   Number         0  dleqf.o ABSOLUTE
    ../fplib/dmul.s                          0x00000000   Number         0  dmul.o ABSOLUTE
    ../fplib/dnaninf.s                       0x00000000   Number         0  dnaninf.o ABSOLUTE
    ../fplib/dretinf.s                       0x00000000   Number         0  dretinf.o ABSOLUTE
    ../fplib/drleqf.s                        0x00000000   Number         0  drleqf.o ABSOLUTE
    ../fplib/dsqrt.s                         0x00000000   Number         0  dsqrt_noumaal.o ABSOLUTE
    ../fplib/retnan.s                        0x00000000   Number         0  retnan.o ABSOLUTE
    ../fplib/scalbn.s                        0x00000000   Number         0  scalbn.o ABSOLUTE
    ../fplib/trapv.s                         0x00000000   Number         0  trapv.o ABSOLUTE
    ../fplib/usenofp.s                       0x00000000   Number         0  usenofp.o ABSOLUTE
    ../mathlib/dunder.c                      0x00000000   Number         0  dunder.o ABSOLUTE
    ../mathlib/fpclassify.c                  0x00000000   Number         0  fpclassify.o ABSOLUTE
    ../mathlib/hypot.c                       0x00000000   Number         0  hypot.o ABSOLUTE
    ../mathlib/hypot.c                       0x00000000   Number         0  hypot_x.o ABSOLUTE
    ../mathlib/sqrt.c                        0x00000000   Number         0  sqrt.o ABSOLUTE
    ../mathlib/sqrt.c                        0x00000000   Number         0  sqrt_x.o ABSOLUTE
    C:\Users\gabriel.ganzer\AppData\Local\Arm\Packs\ARM\CMSIS\5.6.0\CMSIS\NN\Source\ActivationFunctions\arm_nn_activations_q15.c 0x00000000   Number         0  arm_nn_activations_q15.o ABSOLUTE
    C:\Users\gabriel.ganzer\AppData\Local\Arm\Packs\ARM\CMSIS\5.6.0\CMSIS\NN\Source\ActivationFunctions\arm_nn_activations_q7.c 0x00000000   Number         0  arm_nn_activations_q7.o ABSOLUTE
    C:\Users\gabriel.ganzer\AppData\Local\Arm\Packs\ARM\CMSIS\5.6.0\CMSIS\NN\Source\ActivationFunctions\arm_relu_q15.c 0x00000000   Number         0  arm_relu_q15.o ABSOLUTE
    C:\Users\gabriel.ganzer\AppData\Local\Arm\Packs\ARM\CMSIS\5.6.0\CMSIS\NN\Source\ActivationFunctions\arm_relu_q7.c 0x00000000   Number         0  arm_relu_q7.o ABSOLUTE
    C:\Users\gabriel.ganzer\AppData\Local\Arm\Packs\ARM\CMSIS\5.6.0\CMSIS\NN\Source\ConvolutionFunctions\arm_convolve_1x1_HWC_q7_fast_nonsquare.c 0x00000000   Number         0  arm_convolve_1x1_hwc_q7_fast_nonsquare.o ABSOLUTE
    C:\Users\gabriel.ganzer\AppData\Local\Arm\Packs\ARM\CMSIS\5.6.0\CMSIS\NN\Source\ConvolutionFunctions\arm_convolve_HWC_q15_basic.c 0x00000000   Number         0  arm_convolve_hwc_q15_basic.o ABSOLUTE
    C:\Users\gabriel.ganzer\AppData\Local\Arm\Packs\ARM\CMSIS\5.6.0\CMSIS\NN\Source\ConvolutionFunctions\arm_convolve_HWC_q15_fast.c 0x00000000   Number         0  arm_convolve_hwc_q15_fast.o ABSOLUTE
    C:\Users\gabriel.ganzer\AppData\Local\Arm\Packs\ARM\CMSIS\5.6.0\CMSIS\NN\Source\ConvolutionFunctions\arm_convolve_HWC_q7_RGB.c 0x00000000   Number         0  arm_convolve_hwc_q7_rgb.o ABSOLUTE
    C:\Users\gabriel.ganzer\AppData\Local\Arm\Packs\ARM\CMSIS\5.6.0\CMSIS\NN\Source\ConvolutionFunctions\arm_convolve_HWC_q7_basic.c 0x00000000   Number         0  arm_convolve_hwc_q7_basic.o ABSOLUTE
    C:\Users\gabriel.ganzer\AppData\Local\Arm\Packs\ARM\CMSIS\5.6.0\CMSIS\NN\Source\ConvolutionFunctions\arm_convolve_HWC_q7_basic_nonsquare.c 0x00000000   Number         0  arm_convolve_hwc_q7_basic_nonsquare.o ABSOLUTE
    C:\Users\gabriel.ganzer\AppData\Local\Arm\Packs\ARM\CMSIS\5.6.0\CMSIS\NN\Source\ConvolutionFunctions\arm_convolve_HWC_q7_fast.c 0x00000000   Number         0  arm_convolve_hwc_q7_fast.o ABSOLUTE
    C:\Users\gabriel.ganzer\AppData\Local\Arm\Packs\ARM\CMSIS\5.6.0\CMSIS\NN\Source\ConvolutionFunctions\arm_convolve_HWC_q7_fast_nonsquare.c 0x00000000   Number         0  arm_convolve_hwc_q7_fast_nonsquare.o ABSOLUTE
    C:\Users\gabriel.ganzer\AppData\Local\Arm\Packs\ARM\CMSIS\5.6.0\CMSIS\NN\Source\ConvolutionFunctions\arm_depthwise_conv_u8_basic_ver1.c 0x00000000   Number         0  arm_depthwise_conv_u8_basic_ver1.o ABSOLUTE
    C:\Users\gabriel.ganzer\AppData\Local\Arm\Packs\ARM\CMSIS\5.6.0\CMSIS\NN\Source\ConvolutionFunctions\arm_depthwise_separable_conv_HWC_q7.c 0x00000000   Number         0  arm_depthwise_separable_conv_hwc_q7.o ABSOLUTE
    C:\Users\gabriel.ganzer\AppData\Local\Arm\Packs\ARM\CMSIS\5.6.0\CMSIS\NN\Source\ConvolutionFunctions\arm_depthwise_separable_conv_HWC_q7_nonsquare.c 0x00000000   Number         0  arm_depthwise_separable_conv_hwc_q7_nonsquare.o ABSOLUTE
    C:\Users\gabriel.ganzer\AppData\Local\Arm\Packs\ARM\CMSIS\5.6.0\CMSIS\NN\Source\ConvolutionFunctions\arm_nn_mat_mult_kernel_q7_q15.c 0x00000000   Number         0  arm_nn_mat_mult_kernel_q7_q15.o ABSOLUTE
    C:\Users\gabriel.ganzer\AppData\Local\Arm\Packs\ARM\CMSIS\5.6.0\CMSIS\NN\Source\ConvolutionFunctions\arm_nn_mat_mult_kernel_q7_q15_reordered.c 0x00000000   Number         0  arm_nn_mat_mult_kernel_q7_q15_reordered.o ABSOLUTE
    C:\Users\gabriel.ganzer\AppData\Local\Arm\Packs\ARM\CMSIS\5.6.0\CMSIS\NN\Source\FullyConnectedFunctions\arm_fully_connected_mat_q7_vec_q15.c 0x00000000   Number         0  arm_fully_connected_mat_q7_vec_q15.o ABSOLUTE
    C:\Users\gabriel.ganzer\AppData\Local\Arm\Packs\ARM\CMSIS\5.6.0\CMSIS\NN\Source\FullyConnectedFunctions\arm_fully_connected_mat_q7_vec_q15_opt.c 0x00000000   Number         0  arm_fully_connected_mat_q7_vec_q15_opt.o ABSOLUTE
    C:\Users\gabriel.ganzer\AppData\Local\Arm\Packs\ARM\CMSIS\5.6.0\CMSIS\NN\Source\FullyConnectedFunctions\arm_fully_connected_q15.c 0x00000000   Number         0  arm_fully_connected_q15.o ABSOLUTE
    C:\Users\gabriel.ganzer\AppData\Local\Arm\Packs\ARM\CMSIS\5.6.0\CMSIS\NN\Source\FullyConnectedFunctions\arm_fully_connected_q15_opt.c 0x00000000   Number         0  arm_fully_connected_q15_opt.o ABSOLUTE
    C:\Users\gabriel.ganzer\AppData\Local\Arm\Packs\ARM\CMSIS\5.6.0\CMSIS\NN\Source\FullyConnectedFunctions\arm_fully_connected_q7.c 0x00000000   Number         0  arm_fully_connected_q7.o ABSOLUTE
    C:\Users\gabriel.ganzer\AppData\Local\Arm\Packs\ARM\CMSIS\5.6.0\CMSIS\NN\Source\FullyConnectedFunctions\arm_fully_connected_q7_opt.c 0x00000000   Number         0  arm_fully_connected_q7_opt.o ABSOLUTE
    C:\Users\gabriel.ganzer\AppData\Local\Arm\Packs\ARM\CMSIS\5.6.0\CMSIS\NN\Source\NNSupportFunctions\arm_nn_mult_q15.c 0x00000000   Number         0  arm_nn_mult_q15.o ABSOLUTE
    C:\Users\gabriel.ganzer\AppData\Local\Arm\Packs\ARM\CMSIS\5.6.0\CMSIS\NN\Source\NNSupportFunctions\arm_nn_mult_q7.c 0x00000000   Number         0  arm_nn_mult_q7.o ABSOLUTE
    C:\Users\gabriel.ganzer\AppData\Local\Arm\Packs\ARM\CMSIS\5.6.0\CMSIS\NN\Source\NNSupportFunctions\arm_nntables.c 0x00000000   Number         0  arm_nntables.o ABSOLUTE
    C:\Users\gabriel.ganzer\AppData\Local\Arm\Packs\ARM\CMSIS\5.6.0\CMSIS\NN\Source\NNSupportFunctions\arm_q7_to_q15_no_shift.c 0x00000000   Number         0  arm_q7_to_q15_no_shift.o ABSOLUTE
    C:\Users\gabriel.ganzer\AppData\Local\Arm\Packs\ARM\CMSIS\5.6.0\CMSIS\NN\Source\NNSupportFunctions\arm_q7_to_q15_reordered_no_shift.c 0x00000000   Number         0  arm_q7_to_q15_reordered_no_shift.o ABSOLUTE
    C:\Users\gabriel.ganzer\AppData\Local\Arm\Packs\ARM\CMSIS\5.6.0\CMSIS\NN\Source\PoolingFunctions\arm_pool_q7_HWC.c 0x00000000   Number         0  arm_pool_q7_hwc.o ABSOLUTE
    C:\Users\gabriel.ganzer\AppData\Local\Arm\Packs\ARM\CMSIS\5.6.0\CMSIS\NN\Source\SoftmaxFunctions\arm_softmax_q15.c 0x00000000   Number         0  arm_softmax_q15.o ABSOLUTE
    C:\Users\gabriel.ganzer\AppData\Local\Arm\Packs\ARM\CMSIS\5.6.0\CMSIS\NN\Source\SoftmaxFunctions\arm_softmax_q7.c 0x00000000   Number         0  arm_softmax_q7.o ABSOLUTE
    C:\Users\gabriel.ganzer\AppData\Local\Arm\Packs\Keil\LPC1700_DFP\2.6.0\RTE_Driver\GPDMA_LPC17xx.c 0x00000000   Number         0  gpdma_lpc17xx.o ABSOLUTE
    C:\Users\gabriel.ganzer\AppData\Local\Arm\Packs\Keil\LPC1700_DFP\2.6.0\RTE_Driver\GPIO_LPC17xx.c 0x00000000   Number         0  gpio_lpc17xx.o ABSOLUTE
    C:\Users\gabriel.ganzer\AppData\Local\Arm\Packs\Keil\LPC1700_DFP\2.6.0\RTE_Driver\PIN_LPC17xx.c 0x00000000   Number         0  pin_lpc17xx.o ABSOLUTE
    C:\\Users\\gabriel.ganzer\\AppData\\Local\\Arm\\Packs\\ARM\\CMSIS\\5.6.0\\CMSIS\\NN\\Source\\ActivationFunctions\\arm_nn_activations_q15.c 0x00000000   Number         0  arm_nn_activations_q15.o ABSOLUTE
    C:\\Users\\gabriel.ganzer\\AppData\\Local\\Arm\\Packs\\ARM\\CMSIS\\5.6.0\\CMSIS\\NN\\Source\\ActivationFunctions\\arm_nn_activations_q7.c 0x00000000   Number         0  arm_nn_activations_q7.o ABSOLUTE
    C:\\Users\\gabriel.ganzer\\AppData\\Local\\Arm\\Packs\\ARM\\CMSIS\\5.6.0\\CMSIS\\NN\\Source\\ActivationFunctions\\arm_relu_q15.c 0x00000000   Number         0  arm_relu_q15.o ABSOLUTE
    C:\\Users\\gabriel.ganzer\\AppData\\Local\\Arm\\Packs\\ARM\\CMSIS\\5.6.0\\CMSIS\\NN\\Source\\ActivationFunctions\\arm_relu_q7.c 0x00000000   Number         0  arm_relu_q7.o ABSOLUTE
    C:\\Users\\gabriel.ganzer\\AppData\\Local\\Arm\\Packs\\ARM\\CMSIS\\5.6.0\\CMSIS\\NN\\Source\\ConvolutionFunctions\\arm_convolve_1x1_HWC_q7_fast_nonsquare.c 0x00000000   Number         0  arm_convolve_1x1_hwc_q7_fast_nonsquare.o ABSOLUTE
    C:\\Users\\gabriel.ganzer\\AppData\\Local\\Arm\\Packs\\ARM\\CMSIS\\5.6.0\\CMSIS\\NN\\Source\\ConvolutionFunctions\\arm_convolve_HWC_q15_basic.c 0x00000000   Number         0  arm_convolve_hwc_q15_basic.o ABSOLUTE
    C:\\Users\\gabriel.ganzer\\AppData\\Local\\Arm\\Packs\\ARM\\CMSIS\\5.6.0\\CMSIS\\NN\\Source\\ConvolutionFunctions\\arm_convolve_HWC_q15_fast.c 0x00000000   Number         0  arm_convolve_hwc_q15_fast.o ABSOLUTE
    C:\\Users\\gabriel.ganzer\\AppData\\Local\\Arm\\Packs\\ARM\\CMSIS\\5.6.0\\CMSIS\\NN\\Source\\ConvolutionFunctions\\arm_convolve_HWC_q7_RGB.c 0x00000000   Number         0  arm_convolve_hwc_q7_rgb.o ABSOLUTE
    C:\\Users\\gabriel.ganzer\\AppData\\Local\\Arm\\Packs\\ARM\\CMSIS\\5.6.0\\CMSIS\\NN\\Source\\ConvolutionFunctions\\arm_convolve_HWC_q7_basic.c 0x00000000   Number         0  arm_convolve_hwc_q7_basic.o ABSOLUTE
    C:\\Users\\gabriel.ganzer\\AppData\\Local\\Arm\\Packs\\ARM\\CMSIS\\5.6.0\\CMSIS\\NN\\Source\\ConvolutionFunctions\\arm_convolve_HWC_q7_basic_nonsquare.c 0x00000000   Number         0  arm_convolve_hwc_q7_basic_nonsquare.o ABSOLUTE
    C:\\Users\\gabriel.ganzer\\AppData\\Local\\Arm\\Packs\\ARM\\CMSIS\\5.6.0\\CMSIS\\NN\\Source\\ConvolutionFunctions\\arm_convolve_HWC_q7_fast.c 0x00000000   Number         0  arm_convolve_hwc_q7_fast.o ABSOLUTE
    C:\\Users\\gabriel.ganzer\\AppData\\Local\\Arm\\Packs\\ARM\\CMSIS\\5.6.0\\CMSIS\\NN\\Source\\ConvolutionFunctions\\arm_convolve_HWC_q7_fast_nonsquare.c 0x00000000   Number         0  arm_convolve_hwc_q7_fast_nonsquare.o ABSOLUTE
    C:\\Users\\gabriel.ganzer\\AppData\\Local\\Arm\\Packs\\ARM\\CMSIS\\5.6.0\\CMSIS\\NN\\Source\\ConvolutionFunctions\\arm_depthwise_conv_u8_basic_ver1.c 0x00000000   Number         0  arm_depthwise_conv_u8_basic_ver1.o ABSOLUTE
    C:\\Users\\gabriel.ganzer\\AppData\\Local\\Arm\\Packs\\ARM\\CMSIS\\5.6.0\\CMSIS\\NN\\Source\\ConvolutionFunctions\\arm_depthwise_separable_conv_HWC_q7.c 0x00000000   Number         0  arm_depthwise_separable_conv_hwc_q7.o ABSOLUTE
    C:\\Users\\gabriel.ganzer\\AppData\\Local\\Arm\\Packs\\ARM\\CMSIS\\5.6.0\\CMSIS\\NN\\Source\\ConvolutionFunctions\\arm_depthwise_separable_conv_HWC_q7_nonsquare.c 0x00000000   Number         0  arm_depthwise_separable_conv_hwc_q7_nonsquare.o ABSOLUTE
    C:\\Users\\gabriel.ganzer\\AppData\\Local\\Arm\\Packs\\ARM\\CMSIS\\5.6.0\\CMSIS\\NN\\Source\\ConvolutionFunctions\\arm_nn_mat_mult_kernel_q7_q15.c 0x00000000   Number         0  arm_nn_mat_mult_kernel_q7_q15.o ABSOLUTE
    C:\\Users\\gabriel.ganzer\\AppData\\Local\\Arm\\Packs\\ARM\\CMSIS\\5.6.0\\CMSIS\\NN\\Source\\ConvolutionFunctions\\arm_nn_mat_mult_kernel_q7_q15_reordered.c 0x00000000   Number         0  arm_nn_mat_mult_kernel_q7_q15_reordered.o ABSOLUTE
    C:\\Users\\gabriel.ganzer\\AppData\\Local\\Arm\\Packs\\ARM\\CMSIS\\5.6.0\\CMSIS\\NN\\Source\\FullyConnectedFunctions\\arm_fully_connected_mat_q7_vec_q15.c 0x00000000   Number         0  arm_fully_connected_mat_q7_vec_q15.o ABSOLUTE
    C:\\Users\\gabriel.ganzer\\AppData\\Local\\Arm\\Packs\\ARM\\CMSIS\\5.6.0\\CMSIS\\NN\\Source\\FullyConnectedFunctions\\arm_fully_connected_mat_q7_vec_q15_opt.c 0x00000000   Number         0  arm_fully_connected_mat_q7_vec_q15_opt.o ABSOLUTE
    C:\\Users\\gabriel.ganzer\\AppData\\Local\\Arm\\Packs\\ARM\\CMSIS\\5.6.0\\CMSIS\\NN\\Source\\FullyConnectedFunctions\\arm_fully_connected_q15.c 0x00000000   Number         0  arm_fully_connected_q15.o ABSOLUTE
    C:\\Users\\gabriel.ganzer\\AppData\\Local\\Arm\\Packs\\ARM\\CMSIS\\5.6.0\\CMSIS\\NN\\Source\\FullyConnectedFunctions\\arm_fully_connected_q15_opt.c 0x00000000   Number         0  arm_fully_connected_q15_opt.o ABSOLUTE
    C:\\Users\\gabriel.ganzer\\AppData\\Local\\Arm\\Packs\\ARM\\CMSIS\\5.6.0\\CMSIS\\NN\\Source\\FullyConnectedFunctions\\arm_fully_connected_q7.c 0x00000000   Number         0  arm_fully_connected_q7.o ABSOLUTE
    C:\\Users\\gabriel.ganzer\\AppData\\Local\\Arm\\Packs\\ARM\\CMSIS\\5.6.0\\CMSIS\\NN\\Source\\FullyConnectedFunctions\\arm_fully_connected_q7_opt.c 0x00000000   Number         0  arm_fully_connected_q7_opt.o ABSOLUTE
    C:\\Users\\gabriel.ganzer\\AppData\\Local\\Arm\\Packs\\ARM\\CMSIS\\5.6.0\\CMSIS\\NN\\Source\\NNSupportFunctions\\arm_nn_mult_q15.c 0x00000000   Number         0  arm_nn_mult_q15.o ABSOLUTE
    C:\\Users\\gabriel.ganzer\\AppData\\Local\\Arm\\Packs\\ARM\\CMSIS\\5.6.0\\CMSIS\\NN\\Source\\NNSupportFunctions\\arm_nn_mult_q7.c 0x00000000   Number         0  arm_nn_mult_q7.o ABSOLUTE
    C:\\Users\\gabriel.ganzer\\AppData\\Local\\Arm\\Packs\\ARM\\CMSIS\\5.6.0\\CMSIS\\NN\\Source\\NNSupportFunctions\\arm_nntables.c 0x00000000   Number         0  arm_nntables.o ABSOLUTE
    C:\\Users\\gabriel.ganzer\\AppData\\Local\\Arm\\Packs\\ARM\\CMSIS\\5.6.0\\CMSIS\\NN\\Source\\NNSupportFunctions\\arm_q7_to_q15_no_shift.c 0x00000000   Number         0  arm_q7_to_q15_no_shift.o ABSOLUTE
    C:\\Users\\gabriel.ganzer\\AppData\\Local\\Arm\\Packs\\ARM\\CMSIS\\5.6.0\\CMSIS\\NN\\Source\\NNSupportFunctions\\arm_q7_to_q15_reordered_no_shift.c 0x00000000   Number         0  arm_q7_to_q15_reordered_no_shift.o ABSOLUTE
    C:\\Users\\gabriel.ganzer\\AppData\\Local\\Arm\\Packs\\ARM\\CMSIS\\5.6.0\\CMSIS\\NN\\Source\\PoolingFunctions\\arm_pool_q7_HWC.c 0x00000000   Number         0  arm_pool_q7_hwc.o ABSOLUTE
    C:\\Users\\gabriel.ganzer\\AppData\\Local\\Arm\\Packs\\ARM\\CMSIS\\5.6.0\\CMSIS\\NN\\Source\\SoftmaxFunctions\\arm_softmax_q15.c 0x00000000   Number         0  arm_softmax_q15.o ABSOLUTE
    C:\\Users\\gabriel.ganzer\\AppData\\Local\\Arm\\Packs\\ARM\\CMSIS\\5.6.0\\CMSIS\\NN\\Source\\SoftmaxFunctions\\arm_softmax_q7.c 0x00000000   Number         0  arm_softmax_q7.o ABSOLUTE
    C:\\Users\\gabriel.ganzer\\AppData\\Local\\Arm\\Packs\\Keil\\LPC1700_DFP\\2.6.0\\RTE_Driver\\GPDMA_LPC17xx.c 0x00000000   Number         0  gpdma_lpc17xx.o ABSOLUTE
    C:\\Users\\gabriel.ganzer\\AppData\\Local\\Arm\\Packs\\Keil\\LPC1700_DFP\\2.6.0\\RTE_Driver\\GPIO_LPC17xx.c 0x00000000   Number         0  gpio_lpc17xx.o ABSOLUTE
    C:\\Users\\gabriel.ganzer\\AppData\\Local\\Arm\\Packs\\Keil\\LPC1700_DFP\\2.6.0\\RTE_Driver\\PIN_LPC17xx.c 0x00000000   Number         0  pin_lpc17xx.o ABSOLUTE
    RTE\Device\LPC1768\startup_LPC17xx.s     0x00000000   Number         0  startup_lpc17xx.o ABSOLUTE
    RTE\Device\LPC1768\system_LPC17xx.c      0x00000000   Number         0  system_lpc17xx.o ABSOLUTE
    RTE\\Device\\LPC1768\\system_LPC17xx.c   0x00000000   Number         0  system_lpc17xx.o ABSOLUTE
    c_functions.c                            0x00000000   Number         0  c_functions.o ABSOLUTE
    dc.s                                     0x00000000   Number         0  dc.o ABSOLUTE
    .text                                    0x000000cc   Section       56  startup_lpc17xx.o(.text)
    .text                                    0x00000104   Section        0  heapauxi.o(.text)
    .text                                    0x0000010a   Section        0  _rserrno.o(.text)
    .text                                    0x00000120   Section        8  rt_errno_addr.o(.text)
    i.Clear_Channel_active_flag              0x00000128   Section        0  gpdma_lpc17xx.o(i.Clear_Channel_active_flag)
    Clear_Channel_active_flag                0x00000129   Thumb Code    28  gpdma_lpc17xx.o(i.Clear_Channel_active_flag)
    i.DMA_IRQHandler                         0x00000148   Section        0  gpdma_lpc17xx.o(i.DMA_IRQHandler)
    i.__ARM_fpclassify                       0x000002c8   Section        0  fpclassify.o(i.__ARM_fpclassify)
    i.__mathlib_dbl_infnan2                  0x000002f0   Section        0  dunder.o(i.__mathlib_dbl_infnan2)
    x$fpl$usenofp                            0x000002f4   Section        0  usenofp.o(x$fpl$usenofp)
    .ARM.__at_0x02FC                         0x000002fc   Section        4  startup_lpc17xx.o(.ARM.__at_0x02FC)
    i.__mathlib_dbl_overflow                 0x00000300   Section        0  dunder.o(i.__mathlib_dbl_overflow)
    i.__mathlib_dbl_underflow                0x00000310   Section        0  dunder.o(i.__mathlib_dbl_underflow)
    i.hypot                                  0x00000320   Section        0  hypot.o(i.hypot)
    i.hypotenuse                             0x000005b0   Section        0  c_functions.o(i.hypotenuse)
    i.sqrt                                   0x000005e2   Section        0  sqrt.o(i.sqrt)
    x$fpl$dadd                               0x00000630   Section      336  daddsub_clz.o(x$fpl$dadd)
    _dadd1                                   0x00000641   Thumb Code     0  daddsub_clz.o(x$fpl$dadd)
    x$fpl$dcheck1                            0x00000780   Section       16  dcheck1.o(x$fpl$dcheck1)
    x$fpl$dcmpinf                            0x00000790   Section       24  dcmpi.o(x$fpl$dcmpinf)
    x$fpl$dfix                               0x000007a8   Section       94  dfix.o(x$fpl$dfix)
    x$fpl$dflt                               0x00000806   Section       46  dflt_clz.o(x$fpl$dflt)
    x$fpl$dleqf                              0x00000834   Section      120  dleqf.o(x$fpl$dleqf)
    x$fpl$dmul                               0x000008ac   Section      340  dmul.o(x$fpl$dmul)
    x$fpl$dnaninf                            0x00000a00   Section      156  dnaninf.o(x$fpl$dnaninf)
    x$fpl$dretinf                            0x00000a9c   Section       12  dretinf.o(x$fpl$dretinf)
    x$fpl$drleqf                             0x00000aa8   Section      108  drleqf.o(x$fpl$drleqf)
    x$fpl$dsqrt                              0x00000b14   Section      460  dsqrt_noumaal.o(x$fpl$dsqrt)
    x$fpl$dsub                               0x00000ce0   Section      468  daddsub_clz.o(x$fpl$dsub)
    _dsub1                                   0x00000cf1   Thumb Code     0  daddsub_clz.o(x$fpl$dsub)
    x$fpl$retnan                             0x00000eb4   Section      100  retnan.o(x$fpl$retnan)
    x$fpl$scalbn                             0x00000f18   Section       92  scalbn.o(x$fpl$scalbn)
    x$fpl$trapveneer                         0x00000f74   Section       48  trapv.o(x$fpl$trapveneer)
    .data                                    0x10000000   Section        8  gpdma_lpc17xx.o(.data)
    Channel_active                           0x10000000   Data           4  gpdma_lpc17xx.o(.data)
    Init_cnt                                 0x10000004   Data           4  gpdma_lpc17xx.o(.data)
    .bss                                     0x10000008   Section      160  gpdma_lpc17xx.o(.bss)
    Channel_info                             0x10000008   Data         160  gpdma_lpc17xx.o(.bss)
    .bss                                     0x100000a8   Section        4  rt_errno_addr.o(.bss)
    __aeabi_errno_addr_data                  0x100000a8   Data           4  rt_errno_addr.o(.bss)
    HEAP                                     0x100000b0   Section        0  startup_lpc17xx.o(HEAP)
    STACK                                    0x100000b0   Section      512  startup_lpc17xx.o(STACK)
    Heap_Mem                                 0x100000b0   Data           0  startup_lpc17xx.o(HEAP)
    Stack_Mem                                0x100000b0   Data         512  startup_lpc17xx.o(STACK)
    __initial_sp                             0x100002b0   Data           0  startup_lpc17xx.o(STACK)

    Global Symbols

    Symbol Name                              Value     Ov Type        Size  Object(Section)

    BuildAttributes$$THM_ISAv4$P$D$K$B$S$PE$A:L22UL41UL21$X:L11$S22US41US21$IEEE1$IW$USESV6$~STKCKD$USESV7$~SHL$OTIME$ROPI$IEEEX$EBA8$STANDARDLIB$REQ8$PRES8$EABIv2 0x00000000   Number         0  anon$$obj.o ABSOLUTE
    __Vectors                                0x00000000   Data           4  startup_lpc17xx.o(RESET)
    __sigvec_lookup                           - Undefined Weak Reference
    Reset_Handler                            0x000000cd   Thumb Code    12  startup_lpc17xx.o(.text)
    NMI_Handler                              0x000000d9   Thumb Code     2  startup_lpc17xx.o(.text)
    HardFault_Handler                        0x000000db   Thumb Code     2  startup_lpc17xx.o(.text)
    MemManage_Handler                        0x000000dd   Thumb Code     2  startup_lpc17xx.o(.text)
    BusFault_Handler                         0x000000df   Thumb Code     2  startup_lpc17xx.o(.text)
    UsageFault_Handler                       0x000000e1   Thumb Code     2  startup_lpc17xx.o(.text)
    SVC_Handler                              0x000000e3   Thumb Code     2  startup_lpc17xx.o(.text)
    DebugMon_Handler                         0x000000e5   Thumb Code     2  startup_lpc17xx.o(.text)
    PendSV_Handler                           0x000000e7   Thumb Code     2  startup_lpc17xx.o(.text)
    SysTick_Handler                          0x000000e9   Thumb Code     2  startup_lpc17xx.o(.text)
    ADC_IRQHandler                           0x000000eb   Thumb Code     0  startup_lpc17xx.o(.text)
    BOD_IRQHandler                           0x000000eb   Thumb Code     0  startup_lpc17xx.o(.text)
    CANActivity_IRQHandler                   0x000000eb   Thumb Code     0  startup_lpc17xx.o(.text)
    CAN_IRQHandler                           0x000000eb   Thumb Code     0  startup_lpc17xx.o(.text)
    EINT0_IRQHandler                         0x000000eb   Thumb Code     0  startup_lpc17xx.o(.text)
    EINT1_IRQHandler                         0x000000eb   Thumb Code     0  startup_lpc17xx.o(.text)
    EINT2_IRQHandler                         0x000000eb   Thumb Code     0  startup_lpc17xx.o(.text)
    EINT3_IRQHandler                         0x000000eb   Thumb Code     0  startup_lpc17xx.o(.text)
    ENET_IRQHandler                          0x000000eb   Thumb Code     0  startup_lpc17xx.o(.text)
    I2C0_IRQHandler                          0x000000eb   Thumb Code     0  startup_lpc17xx.o(.text)
    I2C1_IRQHandler                          0x000000eb   Thumb Code     0  startup_lpc17xx.o(.text)
    I2C2_IRQHandler                          0x000000eb   Thumb Code     0  startup_lpc17xx.o(.text)
    I2S_IRQHandler                           0x000000eb   Thumb Code     0  startup_lpc17xx.o(.text)
    MCPWM_IRQHandler                         0x000000eb   Thumb Code     0  startup_lpc17xx.o(.text)
    PLL0_IRQHandler                          0x000000eb   Thumb Code     0  startup_lpc17xx.o(.text)
    PLL1_IRQHandler                          0x000000eb   Thumb Code     0  startup_lpc17xx.o(.text)
    PWM1_IRQHandler                          0x000000eb   Thumb Code     0  startup_lpc17xx.o(.text)
    QEI_IRQHandler                           0x000000eb   Thumb Code     0  startup_lpc17xx.o(.text)
    RIT_IRQHandler                           0x000000eb   Thumb Code     0  startup_lpc17xx.o(.text)
    RTC_IRQHandler                           0x000000eb   Thumb Code     0  startup_lpc17xx.o(.text)
    SPI_IRQHandler                           0x000000eb   Thumb Code     0  startup_lpc17xx.o(.text)
    SSP0_IRQHandler                          0x000000eb   Thumb Code     0  startup_lpc17xx.o(.text)
    SSP1_IRQHandler                          0x000000eb   Thumb Code     0  startup_lpc17xx.o(.text)
    TIMER0_IRQHandler                        0x000000eb   Thumb Code     0  startup_lpc17xx.o(.text)
    TIMER1_IRQHandler                        0x000000eb   Thumb Code     0  startup_lpc17xx.o(.text)
    TIMER2_IRQHandler                        0x000000eb   Thumb Code     0  startup_lpc17xx.o(.text)
    TIMER3_IRQHandler                        0x000000eb   Thumb Code     0  startup_lpc17xx.o(.text)
    UART0_IRQHandler                         0x000000eb   Thumb Code     0  startup_lpc17xx.o(.text)
    UART1_IRQHandler                         0x000000eb   Thumb Code     0  startup_lpc17xx.o(.text)
    UART2_IRQHandler                         0x000000eb   Thumb Code     0  startup_lpc17xx.o(.text)
    UART3_IRQHandler                         0x000000eb   Thumb Code     0  startup_lpc17xx.o(.text)
    USBActivity_IRQHandler                   0x000000eb   Thumb Code     0  startup_lpc17xx.o(.text)
    USB_IRQHandler                           0x000000eb   Thumb Code     0  startup_lpc17xx.o(.text)
    WDT_IRQHandler                           0x000000eb   Thumb Code     0  startup_lpc17xx.o(.text)
    __user_initial_stackheap                 0x000000ed   Thumb Code     0  startup_lpc17xx.o(.text)
    __use_two_region_memory                  0x00000105   Thumb Code     2  heapauxi.o(.text)
    __rt_heap_escrow$2region                 0x00000107   Thumb Code     2  heapauxi.o(.text)
    __rt_heap_expand$2region                 0x00000109   Thumb Code     2  heapauxi.o(.text)
    __read_errno                             0x0000010b   Thumb Code    10  _rserrno.o(.text)
    __set_errno                              0x00000115   Thumb Code    12  _rserrno.o(.text)
    __aeabi_errno_addr                       0x00000121   Thumb Code     8  rt_errno_addr.o(.text)
    __errno                                  0x00000121   Thumb Code     0  rt_errno_addr.o(.text)
    __rt_errno_addr                          0x00000121   Thumb Code     0  rt_errno_addr.o(.text)
    DMA_IRQHandler                           0x00000149   Thumb Code   372  gpdma_lpc17xx.o(i.DMA_IRQHandler)
    __ARM_fpclassify                         0x000002c9   Thumb Code    40  fpclassify.o(i.__ARM_fpclassify)
    __mathlib_dbl_infnan2                    0x000002f1   Thumb Code     4  dunder.o(i.__mathlib_dbl_infnan2)
    __I$use$fp                               0x000002f4   Number         0  usenofp.o(x$fpl$usenofp)
    __mathlib_dbl_overflow                   0x00000301   Thumb Code    14  dunder.o(i.__mathlib_dbl_overflow)
    __mathlib_dbl_underflow                  0x00000311   Thumb Code    10  dunder.o(i.__mathlib_dbl_underflow)
    hypot                                    0x00000321   Thumb Code   634  hypot.o(i.hypot)
    hypotenuse                               0x000005b1   Thumb Code    50  c_functions.o(i.hypotenuse)
    sqrt                                     0x000005e3   Thumb Code    76  sqrt.o(i.sqrt)
    __aeabi_dadd                             0x00000631   Thumb Code     0  daddsub_clz.o(x$fpl$dadd)
    _dadd                                    0x00000631   Thumb Code   332  daddsub_clz.o(x$fpl$dadd)
    __fpl_dcheck_NaN1                        0x00000781   Thumb Code    10  dcheck1.o(x$fpl$dcheck1)
    __fpl_dcmp_Inf                           0x00000791   Thumb Code    24  dcmpi.o(x$fpl$dcmpinf)
    __aeabi_d2iz                             0x000007a9   Thumb Code     0  dfix.o(x$fpl$dfix)
    _dfix                                    0x000007a9   Thumb Code    94  dfix.o(x$fpl$dfix)
    __aeabi_i2d                              0x00000807   Thumb Code     0  dflt_clz.o(x$fpl$dflt)
    _dflt                                    0x00000807   Thumb Code    46  dflt_clz.o(x$fpl$dflt)
    __aeabi_cdcmple                          0x00000835   Thumb Code     0  dleqf.o(x$fpl$dleqf)
    _dcmple                                  0x00000835   Thumb Code   120  dleqf.o(x$fpl$dleqf)
    __fpl_dcmple_InfNaN                      0x00000897   Thumb Code     0  dleqf.o(x$fpl$dleqf)
    __aeabi_dmul                             0x000008ad   Thumb Code     0  dmul.o(x$fpl$dmul)
    _dmul                                    0x000008ad   Thumb Code   332  dmul.o(x$fpl$dmul)
    __fpl_dnaninf                            0x00000a01   Thumb Code   156  dnaninf.o(x$fpl$dnaninf)
    __fpl_dretinf                            0x00000a9d   Thumb Code    12  dretinf.o(x$fpl$dretinf)
    __aeabi_cdrcmple                         0x00000aa9   Thumb Code     0  drleqf.o(x$fpl$drleqf)
    _drcmple                                 0x00000aa9   Thumb Code   108  drleqf.o(x$fpl$drleqf)
    _dsqrt                                   0x00000b15   Thumb Code   456  dsqrt_noumaal.o(x$fpl$dsqrt)
    __aeabi_dsub                             0x00000ce1   Thumb Code     0  daddsub_clz.o(x$fpl$dsub)
    _dsub                                    0x00000ce1   Thumb Code   464  daddsub_clz.o(x$fpl$dsub)
    __fpl_return_NaN                         0x00000eb5   Thumb Code   100  retnan.o(x$fpl$retnan)
    __ARM_scalbn                             0x00000f19   Thumb Code    92  scalbn.o(x$fpl$scalbn)
    __fpl_cmpreturn                          0x00000f75   Thumb Code    48  trapv.o(x$fpl$trapveneer)



==============================================================================

Memory Map of the image

  Image Entry point : 0x000000cd

  Load Region LR_1 (Base: 0x00000000, Size: 0x00000fac, Max: 0xffffffff, ABSOLUTE)

    Execution Region ER_RO (Exec base: 0x00000000, Load base: 0x00000000, Size: 0x00000fa4, Max: 0xffffffff, ABSOLUTE)

    Exec Addr    Load Addr    Size         Type   Attr      Idx    E Section Name        Object

    0x00000000   0x00000000   0x000000cc   Data   RO         1028    RESET               startup_lpc17xx.o
    0x000000cc   0x000000cc   0x00000038   Code   RO         1030  * .text               startup_lpc17xx.o
    0x00000104   0x00000104   0x00000006   Code   RO         1078    .text               c_w.l(heapauxi.o)
    0x0000010a   0x0000010a   0x00000016   Code   RO         1102    .text               c_w.l(_rserrno.o)
    0x00000120   0x00000120   0x00000008   Code   RO         1145    .text               c_w.l(rt_errno_addr.o)
    0x00000128   0x00000128   0x00000020   Code   RO          816    i.Clear_Channel_active_flag  gpdma_lpc17xx.o
    0x00000148   0x00000148   0x00000180   Code   RO          817    i.DMA_IRQHandler    gpdma_lpc17xx.o
    0x000002c8   0x000002c8   0x00000028   Code   RO         1133    i.__ARM_fpclassify  m_ws.l(fpclassify.o)
    0x000002f0   0x000002f0   0x00000004   Code   RO         1121    i.__mathlib_dbl_infnan2  m_ws.l(dunder.o)
    0x000002f4   0x000002f4   0x00000000   Code   RO         1118    x$fpl$usenofp       fz_ws.l(usenofp.o)
    0x000002f4   0x000002f4   0x00000008   PAD
    0x000002fc   0x000002fc   0x00000004   Code   RO         1029    .ARM.__at_0x02FC    startup_lpc17xx.o
    0x00000300   0x00000300   0x0000000e   Code   RO         1123    i.__mathlib_dbl_overflow  m_ws.l(dunder.o)
    0x0000030e   0x0000030e   0x00000002   PAD
    0x00000310   0x00000310   0x00000010   Code   RO         1125    i.__mathlib_dbl_underflow  m_ws.l(dunder.o)
    0x00000320   0x00000320   0x00000290   Code   RO         1091    i.hypot             m_ws.l(hypot.o)
    0x000005b0   0x000005b0   0x00000032   Code   RO            1    i.hypotenuse        c_functions.o
    0x000005e2   0x000005e2   0x0000004c   Code   RO         1136    i.sqrt              m_ws.l(sqrt.o)
    0x0000062e   0x0000062e   0x00000002   PAD
    0x00000630   0x00000630   0x00000150   Code   RO         1104    x$fpl$dadd          fz_ws.l(daddsub_clz.o)
    0x00000780   0x00000780   0x00000010   Code   RO         1150    x$fpl$dcheck1       fz_ws.l(dcheck1.o)
    0x00000790   0x00000790   0x00000018   Code   RO         1169    x$fpl$dcmpinf       fz_ws.l(dcmpi.o)
    0x000007a8   0x000007a8   0x0000005e   Code   RO         1080    x$fpl$dfix          fz_ws.l(dfix.o)
    0x00000806   0x00000806   0x0000002e   Code   RO         1085    x$fpl$dflt          fz_ws.l(dflt_clz.o)
    0x00000834   0x00000834   0x00000078   Code   RO         1156    x$fpl$dleqf         fz_ws.l(dleqf.o)
    0x000008ac   0x000008ac   0x00000154   Code   RO         1110    x$fpl$dmul          fz_ws.l(dmul.o)
    0x00000a00   0x00000a00   0x0000009c   Code   RO         1112    x$fpl$dnaninf       fz_ws.l(dnaninf.o)
    0x00000a9c   0x00000a9c   0x0000000c   Code   RO         1158    x$fpl$dretinf       fz_ws.l(dretinf.o)
    0x00000aa8   0x00000aa8   0x0000006c   Code   RO         1114    x$fpl$drleqf        fz_ws.l(drleqf.o)
    0x00000b14   0x00000b14   0x000001cc   Code   RO         1160    x$fpl$dsqrt         fz_ws.l(dsqrt_noumaal.o)
    0x00000ce0   0x00000ce0   0x000001d4   Code   RO         1106    x$fpl$dsub          fz_ws.l(daddsub_clz.o)
    0x00000eb4   0x00000eb4   0x00000064   Code   RO         1171    x$fpl$retnan        fz_ws.l(retnan.o)
    0x00000f18   0x00000f18   0x0000005c   Code   RO         1116    x$fpl$scalbn        fz_ws.l(scalbn.o)
    0x00000f74   0x00000f74   0x00000030   Code   RO         1179    x$fpl$trapveneer    fz_ws.l(trapv.o)


    Execution Region ER_RW (Exec base: 0x10000000, Load base: 0x00000fa4, Size: 0x00000008, Max: 0xffffffff, ABSOLUTE)

    Exec Addr    Load Addr    Size         Type   Attr      Idx    E Section Name        Object

    0x10000000   0x00000fa4   0x00000008   Data   RW          829    .data               gpdma_lpc17xx.o


    Execution Region ER_ZI (Exec base: 0x10000008, Load base: 0x00000fac, Size: 0x000002a8, Max: 0xffffffff, ABSOLUTE)

    Exec Addr    Load Addr    Size         Type   Attr      Idx    E Section Name        Object

    0x10000008        -       0x000000a0   Zero   RW          828    .bss                gpdma_lpc17xx.o
    0x100000a8        -       0x00000004   Zero   RW         1146    .bss                c_w.l(rt_errno_addr.o)
    0x100000ac   0x00000fac   0x00000004   PAD
    0x100000b0        -       0x00000000   Zero   RW         1027    HEAP                startup_lpc17xx.o
    0x100000b0        -       0x00000200   Zero   RW         1026    STACK               startup_lpc17xx.o


==============================================================================

Image component sizes


      Code (inc. data)   RO Data    RW Data    ZI Data      Debug   Object Name

         0          0          0          0          0       3096   arm_nn_activations_q15.o
        50          0          0          0          0       2005   c_functions.o
       416         16          0          8        160       7025   gpdma_lpc17xx.o
        60         18        204          0        512       1028   startup_lpc17xx.o

    ----------------------------------------------------------------------
       526         34        204          8        672      13154   Object Totals
         0          0          0          0          0          0   (incl. Generated)
         0          0          0          0          0          0   (incl. Padding)

    ----------------------------------------------------------------------

      Code (inc. data)   RO Data    RW Data    ZI Data      Debug   Library Member Name

        22          0          0          0          0        100   _rserrno.o
         6          0          0          0          0        152   heapauxi.o
         8          4          0          0          4         68   rt_errno_addr.o
       804         16          0          0          0        272   daddsub_clz.o
        16          4          0          0          0         68   dcheck1.o
        24          0          0          0          0         68   dcmpi.o
        94          4          0          0          0         92   dfix.o
        46          0          0          0          0         68   dflt_clz.o
       120          4          0          0          0         92   dleqf.o
       340         12          0          0          0        104   dmul.o
       156          4          0          0          0         92   dnaninf.o
        12          0          0          0          0         68   dretinf.o
       108          0          0          0          0         80   drleqf.o
       460         56          0          0          0        120   dsqrt_noumaal.o
       100          0          0          0          0         68   retnan.o
        92          0          0          0          0         68   scalbn.o
        48          0          0          0          0         68   trapv.o
         0          0          0          0          0          0   usenofp.o
        34          6          0          0          0        204   dunder.o
        40          0          0          0          0         68   fpclassify.o
       656         22          0          0          0        160   hypot.o
        76          0          0          0          0         84   sqrt.o

    ----------------------------------------------------------------------
      3274        132          0          0          8       2164   Library Totals
        12          0          0          0          4          0   (incl. Padding)

    ----------------------------------------------------------------------

      Code (inc. data)   RO Data    RW Data    ZI Data      Debug   Library Name

        36          4          0          0          4        320   c_w.l
      2420        100          0          0          0       1328   fz_ws.l
       806         28          0          0          0        516   m_ws.l

    ----------------------------------------------------------------------
      3274        132          0          0          8       2164   Library Totals

    ----------------------------------------------------------------------

==============================================================================


      Code (inc. data)   RO Data    RW Data    ZI Data      Debug   

      3800        166        204          8        680      13966   Grand Totals
      3800        166        204          8        680      13966   ELF Image Totals
      3800        166        204          8          0          0   ROM Totals

==============================================================================

    Total RO  Size (Code + RO Data)                 4004 (   3.91kB)
    Total RW  Size (RW Data + ZI Data)               688 (   0.67kB)
    Total ROM Size (Code + RO Data + RW Data)       4012 (   3.92kB)

==============================================================================

